<?xml version="1.0" encoding="UTF-8"?>
<testsuites>
  <testsuite name="" tests="21" assertions="44" errors="0" warnings="0" failures="0" skipped="0" time="1.612647">
    <testsuite name="Unit" tests="19" assertions="42" errors="0" warnings="0" failures="0" skipped="0" time="1.596818">
      <testsuite name="Tests\Unit\ExampleTest" file="/home/hunter/project_v1/todo_app/tests/Unit/ExampleTest.php" tests="1" assertions="1" errors="0" warnings="0" failures="0" skipped="0" time="0.001757">
        <testcase name="test_that_true_is_true" class="Tests\Unit\ExampleTest" classname="Tests.Unit.ExampleTest" file="/home/hunter/project_v1/todo_app/tests/Unit/ExampleTest.php" line="14" assertions="1" time="0.001757"/>
      </testsuite>
      <testsuite name="Tests\Feature\LoginTest" file="/home/hunter/project_v1/todo_app/tests/Unit/LoginTest.php" tests="9" assertions="22" errors="0" warnings="0" failures="0" skipped="0" time="1.483726">
        <testcase name="test_email_is_required" class="Tests\Feature\LoginTest" classname="Tests.Feature.LoginTest" file="/home/hunter/project_v1/todo_app/tests/Unit/LoginTest.php" line="13" assertions="2" time="1.316290"/>
        <testcase name="test_email_max_length" class="Tests\Feature\LoginTest" classname="Tests.Feature.LoginTest" file="/home/hunter/project_v1/todo_app/tests/Unit/LoginTest.php" line="23" assertions="2" time="0.016221"/>
        <testcase name="test_email_must_be_valid" class="Tests\Feature\LoginTest" classname="Tests.Feature.LoginTest" file="/home/hunter/project_v1/todo_app/tests/Unit/LoginTest.php" line="35" assertions="2" time="0.011646"/>
        <testcase name="test_email_must_exist_in_database" class="Tests\Feature\LoginTest" classname="Tests.Feature.LoginTest" file="/home/hunter/project_v1/todo_app/tests/Unit/LoginTest.php" line="45" assertions="2" time="0.014010"/>
        <testcase name="test_password_is_required" class="Tests\Feature\LoginTest" classname="Tests.Feature.LoginTest" file="/home/hunter/project_v1/todo_app/tests/Unit/LoginTest.php" line="55" assertions="2" time="0.014006"/>
        <testcase name="test_password_min_length" class="Tests\Feature\LoginTest" classname="Tests.Feature.LoginTest" file="/home/hunter/project_v1/todo_app/tests/Unit/LoginTest.php" line="65" assertions="2" time="0.012672"/>
        <testcase name="test_password_must_contain_uppercase_number_special_character" class="Tests\Feature\LoginTest" classname="Tests.Feature.LoginTest" file="/home/hunter/project_v1/todo_app/tests/Unit/LoginTest.php" line="75" assertions="2" time="0.017587"/>
        <testcase name="test_user_can_login_with_correct_credentials" class="Tests\Feature\LoginTest" classname="Tests.Feature.LoginTest" file="/home/hunter/project_v1/todo_app/tests/Unit/LoginTest.php" line="85" assertions="5" time="0.062527"/>
        <testcase name="test_user_cannot_login_with_wrong_password" class="Tests\Feature\LoginTest" classname="Tests.Feature.LoginTest" file="/home/hunter/project_v1/todo_app/tests/Unit/LoginTest.php" line="101" assertions="3" time="0.018768"/>
      </testsuite>
      <testsuite name="Tests\Unit\RegisterTest" file="/home/hunter/project_v1/todo_app/tests/Unit/RegisterTest.php" tests="9" assertions="19" errors="0" warnings="0" failures="0" skipped="0" time="0.111335">
        <testcase name="name_is_required" class="Tests\Unit\RegisterTest" classname="Tests.Unit.RegisterTest" file="/home/hunter/project_v1/todo_app/tests/Unit/RegisterTest.php" line="15" assertions="2" time="0.010223"/>
        <testcase name="email_is_required" class="Tests\Unit\RegisterTest" classname="Tests.Unit.RegisterTest" file="/home/hunter/project_v1/todo_app/tests/Unit/RegisterTest.php" line="27" assertions="2" time="0.011519"/>
        <testcase name="email_must_be_valid_format" class="Tests\Unit\RegisterTest" classname="Tests.Unit.RegisterTest" file="/home/hunter/project_v1/todo_app/tests/Unit/RegisterTest.php" line="39" assertions="2" time="0.008921"/>
        <testcase name="email_must_be_unique" class="Tests\Unit\RegisterTest" classname="Tests.Unit.RegisterTest" file="/home/hunter/project_v1/todo_app/tests/Unit/RegisterTest.php" line="51" assertions="2" time="0.016707"/>
        <testcase name="password_is_required" class="Tests\Unit\RegisterTest" classname="Tests.Unit.RegisterTest" file="/home/hunter/project_v1/todo_app/tests/Unit/RegisterTest.php" line="65" assertions="2" time="0.009781"/>
        <testcase name="password_must_be_at_least_8_characters" class="Tests\Unit\RegisterTest" classname="Tests.Unit.RegisterTest" file="/home/hunter/project_v1/todo_app/tests/Unit/RegisterTest.php" line="77" assertions="2" time="0.010101"/>
        <testcase name="password_must_include_uppercase_number_and_special_character" class="Tests\Unit\RegisterTest" classname="Tests.Unit.RegisterTest" file="/home/hunter/project_v1/todo_app/tests/Unit/RegisterTest.php" line="89" assertions="2" time="0.009106"/>
        <testcase name="password_must_be_confirmed" class="Tests\Unit\RegisterTest" classname="Tests.Unit.RegisterTest" file="/home/hunter/project_v1/todo_app/tests/Unit/RegisterTest.php" line="101" assertions="2" time="0.009479"/>
        <testcase name="user_can_register_successfully" class="Tests\Unit\RegisterTest" classname="Tests.Unit.RegisterTest" file="/home/hunter/project_v1/todo_app/tests/Unit/RegisterTest.php" line="116" assertions="3" time="0.025498"/>
      </testsuite>
    </testsuite>
    <testsuite name="Feature" tests="2" assertions="2" errors="0" warnings="0" failures="0" skipped="0" time="0.015829">
      <testsuite name="Tests\Feature\ExampleTest" file="/home/hunter/project_v1/todo_app/tests/Feature/ExampleTest.php" tests="1" assertions="1" errors="0" warnings="0" failures="0" skipped="0" time="0.009915">
        <testcase name="test_the_application_returns_a_successful_response" class="Tests\Feature\ExampleTest" classname="Tests.Feature.ExampleTest" file="/home/hunter/project_v1/todo_app/tests/Feature/ExampleTest.php" line="15" assertions="1" time="0.009915"/>
      </testsuite>
      <testsuite name="Tests\Feature\Login1Test" file="/home/hunter/project_v1/todo_app/tests/Feature/LoginTest.php" tests="1" assertions="1" errors="0" warnings="0" failures="0" skipped="0" time="0.005914">
        <testcase name="test_example" class="Tests\Feature\Login1Test" classname="Tests.Feature.Login1Test" file="/home/hunter/project_v1/todo_app/tests/Feature/LoginTest.php" line="16" assertions="1" time="0.005914"/>
      </testsuite>
    </testsuite>
  </testsuite>
</testsuites>
